# progress.log — append-only session log (graph-engineering)

> Historical session note. The deferred-device statement below was superseded by
> the current final build and manual-QA receipts in `.omo/evidence/`.

## Iteration: v3.1 sound/vibro root-cause fix
- Phase 1 root-cause investigation complete (systematic-debugging).
- Verified message_force_speaker_volume_setting_1f and message_force_vibro_setting_on
  exist in api_symbols.csv (export table) -> safe to use (pitfall #14 satisfied).
- Verified furi_hal_subghz_start/stop/is_complete_async_tx in export table (for P3 TX).
- Device NOT connected this session -> on-device verify deferred to user plug-in.
- Fix: force volume/vibro in custom sequences + heartbeat + lower Geiger floor.

## Iteration: v3.1 BLE timeout + GPS stream + per-tab feedback (2026-08-01)
- Root cause BLE ERR: `(last_data_tick == 0 || ...)` true immediately after clear_results.
  Fixed via marauder_scan_should_error() in room_sweep_scan.h (timeout from scan start;
  ERR only when result_count==0). BLE dedup silence is not error.
- GPS: passive listen was wrong for BFFB — send Marauder `nmea` on tab enter; poll
  `gps -g nmea` if silent; UI shows speed/course/sat bar/mark distance.
- Feedback: LED removed from RF thread; feedback_tick drives LED/sound/vibro per mode.
- Host: test_scan_logic.c ALL PASS; NMEA 58/58; Back 4/4; ufbt Target 7 API 87.1.
- Device: FAP 36592b uploaded; Room Sweep running; BLE/GPS smoke no crash.
- FAP SHA-256: fca06a11e966ff0cfac29943e75be37d450657202d6ad14355c481eeb21d6550

## Iteration: verify + stopscan hardening (autonomous)
- Adversarial judge VERDICT: PASS on BLE timeout, GPS stream, per-tab feedback, harness.
- Host ./init.sh ALL PASS after stopscan leave/exit fixes.
- Device: v3.1 FAP (36592b) previously uploaded and smoke-passed (BLE alive 8s, GPS, TX arm).
- Device re-verify blocked: Flipper CLI accepts USB connect banner but ignores command input
  after repeated RPC upload timeouts (infra). Physical USB re-seat needed to restore CLI/RPC.
- Code fix: always stopscan on GPS leave and app exit (judge minor notes).

## Iteration: full-sweep expansion detect-only (2026-08-09)
- Restore point: tag/branch restore/pre-full-sweep-2026-08-09 @ 35ad4ce
- Room Report: plain English findings + activity + nRF24 in coverage
- FullSweep sequencer Settings item; phases RF→WiFi→BLE→nRF24→GPS
- SPI Path setting: nRF24 forces internal CC1101; external dual blocked
- nRF24 tab: RPD channel survey RX-only (no jam); CE=gpio_ext_pc3
- Host: all suites PASS including test_full_sweep_state, test_nrf24_state
- ufbt Target 7 API 87.1; FAP 88296b
- FAP SHA-256: 0d68feab3f4e54a5de3bc5df5f6776028fdc1e10f182598b10a339c139863110
- Device field verify deferred: nRF24 RPD with BFFB bottom switch down + OTG

## Iteration: UI/UX spread & input leverage (2026-08-13)
- Restore point: tag restore/pre-ui-ux-2026-08-13 @ aaef4b1; branch feat/ui-ux-spread-2026-08-13
- Mission contract graph: specs/ui-ux-2026-08-13.md (nodes A1/A2 delegated to parallel agents)
- Constraint found: mntm-012 InputType has NO swipe events (Press/Release/Short/Long/Repeat only) — Pitfall #18
- Layout constants: room_sweep_ui_layout.h + tests/test_ui_layout.c (host, 18 checks)
- Input seam: browse-phase classifier + touch tracker in room_sweep_input.h + tests/test_input_touch.c (48 checks); legacy safety table untouched
- Collision fixes: RF Survey header (peak vs [SURVEY EXT]), hint overflow, SIGNAL badge moved out of bars,
  S/V glyphs removed from headers, FullSweep banner moved to top strip (no longer erases footers),
  Info tab 5 pages (radio/state/keys/files/limits), WiFi/BLE list pitch 8px
- Input leverage: tap tick + hold-confirm double pulse (respects Vibro setting), RF Hold Up/Down lock card,
  GPS Hold OK = NMEA retry, uniform settings toggle confirmation
- Gate: ./init.sh ALL PASS; ufbt Target 7 API 87.1; _verify_api.py CLEAN (63/63)
- Deploy: ufbt launch OK on flip_XXXX0 (mntm-012, e1784e74); CLI responsive
- Field verify pending: user visual QA of headers/card/pulses on device

## Iteration: Meter Suite — radar / waterfall / big-meter / GPS hunt radar (2026-08-13)
- Restore point: tag restore/pre-meter-suite-2026-08-13 @ 0397d5d; branch feat/meter-suite-2026-08-13
- Mission contract graph: specs/meter-suite-2026-08-13.md (3 parallel agents + orchestrator)
- Platform: canvas circle/disc/triangle + FontBigNumbers exported; libm NOT exported → Pitfall #19
- New headers (host-tested): room_sweep_radar.h (integer trig/bearing/rings), room_sweep_waterfall.h, GPS trail
- Views: analyzer now 4 pages (Hunt/Field/Radar/Meter); RF sub-mode 4 = Waterfall (2.5 Hz scroll + peak-hold);
  GPS page 3 = mark-centered walk-to radar (true bearing, auto meter rings, 8-fix trail)
- Honesty: RSSI rings labeled "not meters"; GPS radar uses real haversine meters; trail in-RAM only
- Gate: ./init.sh 16 suites PASS; ufbt Target 7 API 87.1; _verify_api 64/64 CLEAN
- Deploy: ufbt launch OK on flip_XXXX0; user visual QA pending

## Iteration: docs — heading capability verification (2026-08-13)
- Verified: no IMU/compass access from FAP (no exported imu symbols) → Pitfall #20
- Verified: RMC COG already parsed (nmea.h speed_kts/course), logged, displayed
- Docs: README limits + USER_GUIDE GPS radar + Pitfall #20 + spec addendum
- Next candidate mission: course-up steering radar (bearing − COG, speed-gated)

## Iteration: ui — on-device QA collision/overflow fixes (2026-09-04)
- Headless RPC rig (screenshot + input injection over USB CDC) walked 65 UI states
- Fixed: Wi/BT HELP y58+y63 overlap; GPS Summary mark/footer overlap; analyzer
  radar rings-vs-header; meter trend overlap; footer band geometry; 15+ clipped
  hints (TX presets, RF sweep/peak, analyzer footers, nR, i Marauder row, settings)
- Hint copy moved to UI_HINT_* constants in room_sweep_ui_layout.h with
  _Static_assert 20-char budget; radar rings now drawn via rssi_radius mapping
- Verified: init.sh ALL PASS, _verify_api.py CLEAN, on-device re-walk screenshots
  (.omo/evidence/ui-qa-2026-09-04.md)

## Iteration: feedback — graded per-tab Geiger/vibro parity (2026-09-05)
- WiFi/BLE peak now identity-aware: locked target > selected scroll row >
  strongest table row, aged 2s fresh -> 6s silence via analyzer aging
  (room_sweep_feedback.h pick_wireless) — walking out of range no longer
  freezes the click rate; locked row keeps target_rssi synced (parity with
  the analyzer HUD)
- nRF24 Geiger: synthetic -90+channel%40 counter replaced by the real RPD
  activity integrator (room_sweep_nrf24_state.h: +8 per active sample,
  lazy 100ms decay score/10+2, ~4s idle to silence, dBm mapping via
  room_sweep_analyzer_activity_to_rssi)
- Vibro graded ladder 150/300/600/1200/2500/5000 ms (monotonic; GPS fix
  heartbeat and TX arm/800ms-lock cadence preserved); sound scanner+GPS
  ladders moved verbatim into room_sweep_feedback_sound_interval_ms
- Cadence: feedback_tick throttled to >=40ms and now called at the top of
  every main-loop pass — held buttons no longer starve sound/vibro/LED
- New: room_sweep_feedback.h + tests/test_feedback.c (17 host suites);
  extended tests/test_nrf24_state.c with activity integrator checks
- Verified: ./init.sh ALL PASS + ufbt Target 7 API 87.1; _verify_api.py
  64/64 CLEAN; -pedantic header purity OK for both touched headers

## Iteration: continuous proximity feedback + OK=lock (2026-09-05)
- Sound/vibro step ladders replaced by continuous dB-linear curves
  (room_sweep_feedback.h): sound 2000->60 ms over [-110,-30] (~24 ms/dB,
  ~80 distinct speeds), vibro 5000->150 ms (~61 ms/dB); new
  room_sweep_feedback_gps_interval_ms 2000->200 ms over [-100,-60]
  (peak = -100 + 4*sats). gps_mode parameter removed from
  room_sweep_feedback_sound_interval_ms; TX 120 ms fixed cadence and
  GPS/TX legacy vibro untouched. Monotonic non-increasing by construction,
  pure uint32 integer math (no double promotion).
- Wi/BT live meters: hunting keep-alive — analyzer open OR WiFi/BLE target
  locked restarts scan windows with a 250 ms gap (was 5 s, longer than the
  2 s meter stale time -> visible freeze-then-fade). Window timeout still
  stops + logs scan_end; restarts keep clear=false (table + lock survive).
- WiFi/BLE input: short OK = lock/unlock selected row (populated list) or
  start first scan (empty); Hold OK = manual rescan
  (marauder_start_for_mode, clears table + lock intentionally). RF/nR/GPS/
  TX handlers unchanged. Footer hints updated: BT_ADV "adv OK=lock
  HOK=scan", Wi/BT detail "LOCK on  OK=unlock" / "AP OK=lock HOK=scan",
  help pages "OK lock  HoldOK scan".
- Tests: test_feedback.c ladder buckets replaced by continuous-curve
  checks (endpoints, per-1-dB monotonicity -115..-25 all three curves,
  smoothness deltas, spot values 1030/2575/1100, -69.6 rounding);
  pick_wireless + aging tests unchanged.
- Gates: ./init.sh ALL PASS + ufbt build; _verify_api.py CLEAN;
  feedback header -pedantic -fsyntax-only clean.

## Iteration: SIGINT truth audit — nRF24 + UI/report/doc claims (2026-09-11)
- nRF24 truth contract: nR mode relabelled 2.4 GHz ENERGY detection. The RPD
  (reg 0x09 bit 0) is a 1-bit "-64 dBm in channel" energy detector (Nordic
  nRF24L01+ spec) — no packets/addresses/RSSI; packet ID ruled out (needs
  40-bit address a priori or banned mousejack-class attacks). Documented in
  room_sweep_nrf24_state.h, nrf24_survey.h/.c, specs/nrf24-survey.md.
- Synthetic-RSSI purge: all nR analyzer numeric readouts (hunt/field/energy
  map/meter) now use ACT units, never dBm; energy-map ring legend swaps to
  ACT scale for nR ("NO DIR R=ACT" footer); nR tab titles "2.4G ENERGY" /
  "2.4G RESULTS", status lines "energy detect only / no packets/no jam".
- Session truth: NRF24 observation rows no longer put hit counts in the CSV
  rssi column (stays 0); new SessionLogEvent.nrf_total_hits accumulates real
  RPD hit totals; Room Report prints real totals in N passes + "Energy
  detection only - no packets or device IDs" (was pass-count mislabelled as
  "RPD hits"). RF report line gains "(energy only, no ID)"; Wi/BT lines say
  beacons/advertisements heard.
- Handoffs applied: USER_GUIDE STRONGER/WEAKER + energy-map row + ExtBand
  "assumed switch path"; TX tab "RX energy candidate";
  room_sweep_full_sweep_gps_ready now keys on has_pos (parsed position) or
  sentences — receiver fix alone no longer finishes GPS as success; BFFB doc
  sniffbeacon (no suffix) vs scanall (capability bytes) formats verified
  against ESP32Marauder master WiFiScan.cpp; marauder parser spec annotated
  superseded; control map + field guide (html/print/copy) updated to ENERGY
  MAP / STRONGER-WEAKER / >-75dBm with stale-screenshot notes.
- Tests: test_nrf24_state (ACT label, never dBm), test_report_state (new
  findings strings + real hit totals + zero-hit passes), test_full_sweep_state
  (has_pos gate semantics). No new Flipper API symbols.
- New spec: specs/sigint-truth-audit-2026-09-11.md (12-issue table).

## 2026-09-20 — Phase 1: identification layer (feat/phase1-identification-2026-09 → main 0996397)
- room_sweep_oui.h: 62-prefix curated OUI lookup + randomized detection; every
  prefix cross-checked against the IEEE registry (6 memory errors corrected).
- room_sweep_classify.h: name-pattern hints (CAM?/PRT?/HS?/IOT?/DRN?/DEV?/TRK?)
  with word-boundary guards; Hidden/unknown neutral; hints always carry "?".
- Wired: Wi/BT list hint tags, Wi/BT detail Vendor:+HINT: lines, CSV
  oui=/hints= tokens, report vendors/hints lines, Info tab ident row.
- Tests: test_oui (286 asserts), test_classify (77), test_ui_layout +
  test_report_state extended. Gates: init.sh ALL PASS (20 suites), _verify_api
  CLEAN, ufbt zero warnings.
- On-device (mntm-012 test rig): ufbt launch + live drive. Verified PRT?
  tag on a synthetic printer-network fixture (no false tags on other synthetic
  AP fixtures),
  Vendor: randomized on a locally-administered -IoT AP, Vendor: unlisted on
  listed-nothing MACs, Info tab "ident: curated OUI". Screenshots in
  .omo/evidence/device-recon-2026-09-20/ (local only).
- Known limitation: BLE random-static addresses (0xC0 bits) are not flagged by
  the 0x02 locally-administered test — BLE randomized labeling under-reports;
  documented, follow-up candidate.
- Rollback: tag restore/pre-phase1-2026-09-20 (pushed).

## 2026-09-20 — Phases 6-7 + BLE randomized fix (feat/capability-rollout-2026-09)
- fix(ident): BLE random-static detection. On-device verification follow-up:
  BLE random-STATIC (top bits 0xC0) escaped the 0x02 locally-administered
  test. room_sweep_oui_is_randomized_ble = 0x02 OR 0xC0;
  room_sweep_oui_evidence_ble gives curated OUI hits precedence (f4:f5:e8
  stays Google, not "randomized"); Wi-Fi paths unchanged (c8:4f:86 never
  randomized). Resolvable/private (01/00) subtypes remain undetectable —
  documented in USER_GUIDE honest limits.
- feat(rogue) phase 6: room_sweep_rogue.h exact case-sensitive SSID
  grouping (hidden + no-BSSID rows excluded). Wi list "!" marker (left of
  the hint-tag column), detail badge SAME NAME ON n BSSIDS, CSV rogue=n
  token, report "Possible cloned SSIDs ... K group(s)" + mesh caveat.
  session_log keeps max groups seen.
- feat(stats) phase 7: room_sweep_stats.h integer-only absorb/avg
  (sum = Sigma(rssi+120), uint32-safe at obs=65535; sub -120 dBm clamps in
  the sum only, min/max stay true). WifiAp/BleDev +8 B/row (~192 B total).
  Wi/BT detail "-38dBm -72..-38 n14" (23-char/117 px budget verified;
  channel left the stats line, stays in CSV). CSV min=/max=/avg= via
  whole-token composer inside detail[48] — tail phrase yields first, values
  never cut. Report strongest lines gain (range a..b), lifted from the
  strongest observation's tokens.
- Tests: test_rogue (new), test_stats (new), test_oui/test_ui_layout/
  test_report_state extended. Gates: init.sh ALL PASS (23 suites + ufbt
  zero warnings), _verify_api.py CLEAN (65 symbols). No device deploy.
- feat(watch) phase 8: RF burst watch lock-and-log. room_sweep_watch.h
  (Flipper-free, integer-only): rising edge above the shared -75 dBm gate
  opens a burst, 600 ms silence closes it; ACTIVE span (first-to-last
  above sample) banked for duty/duration — the gap is latency, not TX
  time. RfSubWatch locks ONE frequency (fresh candidate tuned_hz else
  nearest ExtBand-legal preset at/after peak_ch) at sub-mode entry and
  never re-locks mid-window; existing RF thread feeds it at the 5 ms
  survey cadence (no new thread, tiny locals). Watch page BURSTS/LAST/
  DUTY (live RSSI on header row); closed burst = one CSV observation row
  (id WATCH, submode watch, count=active ms, rssi=burst max, detail
  duty=N% bursts=M) + existing press-pulse via feedback (no new
  notification sequence).
- Tests: test_watch (new, 80 checks: edges, gap boundary 599/600, max
  per burst, rx-inactive decay, duty clamps + uint32 overflow guard,
  1e6-tick long run, tick-wrap), test_ui_layout +1 hint check. Gates:
  init.sh ALL PASS, _verify_api.py CLEAN, ufbt zero warnings. No device
  deploy.

## 2026-09-21 — device-deploy session: OOM-on-launch crash found + fixed (feat/capability-rollout-2026-09)
- First device deploy of the phases 6-9 build (mntm-012 test rig/API 87.1).
  It did not open: two of three launches rebooted the Flipper with the
  framework's "out of memory" screen.
- Root cause (SD breadcrumb instrumentation, reverted after): App state is ONE
  contiguous malloc of 20644 B taken at entry, where the largest free block
  measured 27640 B in a good heap state and dipped below the need in a worse
  one - a fragmentation failure, not total-free starvation (38880 B was free
  when the 20644 B allocation failed). The record queue was 8 KiB of that
  (32 slots x 256 B = 40%); phases 4-9 had grown the struct without a deploy.
- Fix: RECORD_QUEUE_CAPACITY 32 -> 8 (App 14500 B) + NULL-checked app-state
  allocation that logs/sounds and exits instead of letting the framework
  reboot the device. Runtime contiguous headroom after startup: 4176 -> 9912 B.
- Verified on device: 10/10 launch->exit cycles clean, entry heap stable
  across cycles (free ~38770, maxblk ~29200+). Receipt:
  .omo/evidence/oom-regression-2026-09-21.md. Gates: init.sh ALL PASS (24
  suites), _verify_api.py CLEAN, ufbt zero warnings.
- Lesson recorded in the receipt: phases 6-9 were host-verified only; this is
  exactly the class of defect the per-phase device gate exists to catch.

## 2026-09-21 — Phase 11a: 20-preset RF survey (feat/capability-rollout-2026-09)
- rf presets 16 -> 20: adds 850 / 880 (cellular uplink edge), 902 / 927.5
  (US 902-928 ISM edges). Tables moved to Flipper-free
  room_sweep_rf_presets.h so the invariants are host-testable; new suite
  test_rf_presets (18 checks) pins: parallel-array counts (the band column is
  indexed directly - a short table meant tuning an arbitrary frequency),
  CC1101 band membership, band column vs frequency, uniqueness, label width,
  and the strip budget.
- Survey strip math derived from the preset count in room_sweep_ui_layout.h
  (rf_bar_stride/width/x, rf_label_step) + test_ui_layout cases at 16 and 20
  (16 keeps the 8px stride, 20 gets 6px; labels 0/24/48/72/96 all fit).
  Waterfall channel count follows the presets; its vertical divisor is now
  derived. Latent overflow fixed: radar blips[16] -> RF_NUM_CHANNELS.
- Cost: survey pass 640 -> 800 ms; baseline CSV +4 rows; waterfall 20 rows
  in the same band. Docs updated (README, USER_GUIDE preset table + cellular
  caveat, field guide, control map).
- Gates: init.sh ALL PASS (25 suites), ufbt zero warnings. NO DEVICE DEPLOY
  this item - the rig was unresponsive this session (see
  .omo/evidence/device-unresponsive-2026-09-21.md); strip geometry is pinned
  by host tests rather than a screenshot.

## 2026-09-21 — Phase 11b/11c: sweep probe pass + capability card + docs
- full_sweep: new Wi-probe phase (sniffprobe, 8s, own bit, label "Probe",
  included in BIT_ALL), honest skip with no UART scanner. Wi-raw documented
  as the client/station view on this build (sniffraw reports every frame
  incl. stations); scanap+scansta stay out until the station-line format is
  pinned (format gate).
- Defect fixed: a full-sweep Wi pass routed UART lines by the SETTINGS Wi
  source, so the raw radar pass collected nothing unless the operator had
  pre-selected RAW. wifi_effective_source() (pass wins over setting) now
  drives routing + table count + Wi header tag. Command selection simplified
  (wifi_command_for_source + wrapper).
- Info tab: Caps page (5/6) added - vendors+hints / hidden-SSID repair /
  clients (Wi-raw) / rogue+watch flags; INFO_PAGE_COUNT replaces three
  hardcoded 5s; LIMITS is now an explicit page 6/6 (was the fallback else).
- Docs: README "What it can now find" table (thing in the room -> what the
  app shows -> what it still cannot say) + expanded hardware-blind list
  (silent recorders, 5 GHz, LTE mid-band, BT Classic audio, CC1101 gaps,
  wired); USER_GUIDE Info pages + FullSweep steps; control map sweep order;
  field guide preset count.
- features.json: two functional entries (11a, 11b) + one verification entry
  with passes:false (device walk owed; phases 6-9 receipt + parser un-gating
  both blocked on the rig).
- Tests: test_full_sweep_state extended (probe transition/bit/skip/limit/
  label/window-ordering). Gates: init.sh ALL PASS (25 suites),
  _verify_api.py CLEAN, ufbt zero warnings. NO DEVICE DEPLOY (rig hung).

## 2026-09-21 — device walk begins: fixes for map saturation + baseline burst
- First on-device validation session after the power cycle. Harvested what the
  interrupted v1 run left: session-16.csv (2010 records, 262 KB) proves the
  app kept scanning and logging for 4.5 min AFTER the host console stopped
  answering — so that "hang" was host-side USB, not an app hang. Its report
  carried the first device evidence for phase 7 (range -22..-14) and the phase
  9 watchlist report lines.
- Receipt run A (script killed by my own timeout, artifacts salvaged):
  watchlist.txt created with a redacted synthetic entry, report
  "Watchlist matches: 1", 63 rows with watch=1, 8 WATCH burst rows, 620 rows
  with min=/max=/avg=. Found two defects in the process:
  (1) baseline burst 20 rows -> 8-slot queue -> 9 rows dropped on device;
  (2) identifier map saturated at 32 -> WATCH rows and later BLE rows came out
  id=REDACTED.
- Fixed both: map 32 -> 64, WATCH becomes a literal (non-identity) id refused
  on mismatch, baseline handler drains in groups as it enqueues. test_record_state
  +9 cases. Gates: init.sh ALL PASS (25 suites), _verify_api CLEAN, ufbt clean.
- Receipt run A2 (fixed build, single connection, console alive throughout):
  20/20 baseline rows (RF-01..RF-20 incl. the 4 phase-11 presets), 32 WATCH rows
  all id=WATCH, ZERO REDACTED rows, 174 watch=1 rows. Phase 7/8/9/11a all now
  device-verified from artifacts.
- Console deaths (2 now) are reproducible but host-side: the app keeps running;
  the CDC stops delivering. Workaround: short sessions, one connection,
  harvest artifacts first (see .omo/evidence/device-unresponsive-2026-09-21.md).

## 2026-09-21 — device walk completed: phases 7/8/9/11a/11b + phase 5 un-gate
- Harvested the dead session's captures (probe dump, session artifacts):
  the probe format came off the wire and MATCHES the shipped grammar exactly
  (RSSI: -NN Ch: N Client: <mac> Requesting: <ssid>), so phase 5's format gate
  is satisfied and the parser is un-gated (6c83d28) with six redacted records
  as test fixtures. The validation session supplied 10 probe rows (PR-01..PR-06);
  room-specific identifiers are intentionally omitted here.
- FullSweep device run (session-22.csv): every pass hit its configured ceiling
  — RF 10.1s, Wi-Fi 15.1s, BLE 15.0s, Wi-raw 6.0s, Wi-probe 8.1s, nRF24 honest
  skip, GPS 2.0s min-dwell — then full_sweep_done partial + "finished" report.
  Phase 11b device-verified, including the effective-source routing fix (the
  three Wi passes appear as distinct ordinal fingerprints AP-01/AP-12/AP-14).
- RAW source (session-20.csv): 1955 submode=raw rows with STA-NN ordinals
  work; measured limit — ~55 rows/s outran the 8-slot recorder queue and 271
  rows (11.7%) were dropped (counted + reported). Logged as a follow-up
  candidate (per-MAC interval logging), not silently accepted.
- Phase 6 premise checked against a redacted fixture: four synthetic SSIDs,
  one BSSID each, no duplicates, so the correlation has nothing to correlate
  in that fixture.
- Screenshots confirmed unavailable a third time, now on the fixed build
  (RPC screen stream reboots the device). Pixel-level items stay host-pinned
  and are described that way.
- Console flakiness: four silences now, all host-side (the app keeps logging).
  Practice: short runs, one connection, harvest first.
